22:17:27 **** Incremental Build of configuration Debug for project bai1 ****
make -j8 all 
arm-none-eabi-gcc "../Core/Src/main.c" -mcpu=cortex-m3 -std=gnu11 -g3 -DDEBUG -DUSE_HAL_DRIVER -DSTM32F103x6 -c -I../Core/Inc -I../Drivers/STM32F1xx_HAL_Driver/Inc/Legacy -I../Drivers/STM32F1xx_HAL_Driver/Inc -I../Drivers/CMSIS/Device/ST/STM32F1xx/Include -I../Drivers/CMSIS/Include -O0 -ffunction-sections -fdata-sections -Wall -fstack-usage -MMD -MP -MF"Core/Src/main.d" -MT"Core/Src/main.o" --specs=nano.specs -mfloat-abi=soft -mthumb -o "Core/Src/main.o"
arm-none-eabi-gcc -o "bai1.elf" @"objects.list"   -mcpu=cortex-m3 -T"E:\KHOI\DATA\MonhocBK\221\Vixulividieukhien\STMcode\Lab2\bai1\STM32F103C6TX_FLASH.ld" --specs=nosys.specs -Wl,-Map="bai1.map" -Wl,--gc-sections -static --specs=nano.specs -mfloat-abi=soft -mthumb -Wl,--start-group -lc -lm -Wl,--end-group
Finished building target: bai1.elf
 
arm-none-eabi-size   bai1.elf 
arm-none-eabi-objdump -h -S  bai1.elf  > "bai1.list"
arm-none-eabi-objcopy  -O ihex  bai1.elf  "bai1.hex"
   text	   data	    bss	    dec	    hex	filename
   7100	     40	   1648	   8788	   2254	bai1.elf
Finished building: default.size.stdout
 
Finished building: bai1.hex
 
Finished building: bai1.list
 

22:17:28 Build Finished. 0 errors, 0 warnings. (took 816ms)

