22:22:31 **** Incremental Build of configuration Debug for project bai2 ****
make -j8 all 
arm-none-eabi-gcc "../Core/Src/main.c" -mcpu=cortex-m3 -std=gnu11 -g3 -DDEBUG -DUSE_HAL_DRIVER -DSTM32F103x6 -c -I../Core/Inc -I../Drivers/STM32F1xx_HAL_Driver/Inc/Legacy -I../Drivers/STM32F1xx_HAL_Driver/Inc -I../Drivers/CMSIS/Device/ST/STM32F1xx/Include -I../Drivers/CMSIS/Include -O0 -ffunction-sections -fdata-sections -Wall -fstack-usage -MMD -MP -MF"Core/Src/main.d" -MT"Core/Src/main.o" --specs=nano.specs -mfloat-abi=soft -mthumb -o "Core/Src/main.o"
arm-none-eabi-gcc -o "bai2.elf" @"objects.list"   -mcpu=cortex-m3 -T"E:\KHOI\DATA\MonhocBK\221\Vixulividieukhien\STMcode\Lab2\bai2\STM32F103C6UX_FLASH.ld" --specs=nosys.specs -Wl,-Map="bai2.map" -Wl,--gc-sections -static --specs=nano.specs -mfloat-abi=soft -mthumb -Wl,--start-group -lc -lm -Wl,--end-group
Finished building target: bai2.elf
 
arm-none-eabi-size   bai2.elf 
arm-none-eabi-objdump -h -S  bai2.elf  > "bai2.list"
arm-none-eabi-objcopy  -O ihex  bai2.elf  "bai2.hex"
   text	   data	    bss	    dec	    hex	filename
   7332	     44	   1644	   9020	   233c	bai2.elf
Finished building: default.size.stdout
 
Finished building: bai2.hex
 
Finished building: bai2.list
 

22:22:32 Build Finished. 0 errors, 0 warnings. (took 1s.731ms)

