../Core/Src/main.c:60:6:display7SEG	16	static
../Core/Src/main.c:66:6:update7SEG	16	static
../Core/Src/main.c:104:6:updateClockBuffer	4	static
../Core/Src/main.c:114:6:updateLEDMatrix	16	static
../Core/Src/main.c:214:5:main	8	static
../Core/Src/main.c:297:6:SystemClock_Config	72	static
../Core/Src/main.c:334:13:MX_TIM2_Init	32	static
../Core/Src/main.c:379:13:MX_GPIO_Init	32	static
../Core/Src/main.c:428:6:HAL_TIM_PeriodElapsedCallback	16	static
../Core/Src/main.c:437:6:Error_Handler	4	static,ignoring_inline_asm
